---
source: src/page/analysis/time_series.rs
expression: terminal.backend()
---
"█▀▀▀▀▀▀▀▀▀▀▀▀▀▀▀▀▀▀▀▀▀▀▀▀▀▀▀▀▀▀▀▀▀▀▀▀▀▀▀▀▀▀▀▀▀▀▀▀▀▀▀▀▀▀▀▀▀▀▀▀▀▀▀▀▀▀▀▀▀▀▀▀▀▀▀▀▀▀█"
"█ No data available yet                                                        █"
"█                                                                              █"
"█                                                                              █"
"█                                                                              █"
"█                                                                              █"
"█                                                                              █"
"█                                                                              █"
"█                                                                              █"
"█                                                                              █"
"█                                                                              █"
"█                                                                              █"
"█                                                                              █"
"█                                                                              █"
"█                                                                              █"
"█                                                                              █"
"█                                                                              █"
"█                                                                              █"
"█                                                                              █"
"█▄▄▄▄▄▄▄▄▄▄▄▄▄▄▄▄▄▄▄▄▄▄▄▄▄▄▄▄▄▄▄▄▄▄▄▄▄▄▄▄▄▄▄▄▄▄▄▄▄▄▄▄▄▄▄▄▄▄▄▄▄▄▄▄▄▄▄▄▄▄▄▄▄▄▄▄▄▄█"
