---
source: src/page/cookie_input.rs
expression: terminal.backend()
---
"                                                                                "
" ╭Account─────────────────────────────────────────────────────────────────────╮ "
" │                                                                            │ "
" │                                                                            │ "
" │                                                                            │ "
" ╰────────────────────────────────────────────────────────────────────────────╯ "
" ╭Hallticket──────────────────────────────────────────────────────────────────╮ "
" │                                                                            │ "
" │                                                                            │ "
" │                                                                            │ "
" ╰────────────────────────────────────────────────────────────────────────────╯ "
"                                                                                "
"                                                                                "
"                                                                                "
"                                                                                "
"                                                                                "
"                                                                                "
"╭──────────────────────────────────────────────────────────────────────────────╮"
"│ Move focus: hjkl | Help: ? | Back: esc | Start input: enter                  │"
"╰──────────────────────────────────────────────────────────────────────────────╯"
